// Jest Snapshot v1, https://goo.gl/fbAQLP

exports[`testing of fbLogin checks the working of facebook login 1`] = `
Array [
  Object {
    "type": "RECEIVE_AUTH",
    "user": Object {
      "accessToken": "someRandomStringOfAccessToken",
      "idToken": "someRandomStringOfIdToken",
    },
  },
]
`;
